Component: ARM Compiler 6.14 Tool: armlink [5db06800]

==============================================================================

Section Cross References

    io.o(.ARM.exidx.text.io_build_out_cfg) refers to io.o(.text.io_build_out_cfg) for [Anonymous Symbol]
    io.o(.text.io_enable_port_clock) refers to io.o(.text.io__rcc_gpio_en_bit) for io__rcc_gpio_en_bit
    io.o(.ARM.exidx.text.io_enable_port_clock) refers to io.o(.text.io_enable_port_clock) for [Anonymous Symbol]
    io.o(.ARM.exidx.text.io__rcc_gpio_en_bit) refers to io.o(.text.io__rcc_gpio_en_bit) for [Anonymous Symbol]
    io.o(.text.io_config_raw) refers to io.o(.text.io__cr_reg) for io__cr_reg
    io.o(.ARM.exidx.text.io_config_raw) refers to io.o(.text.io_config_raw) for [Anonymous Symbol]
    io.o(.ARM.exidx.text.io__cr_reg) refers to io.o(.text.io__cr_reg) for [Anonymous Symbol]
    io.o(.text.io_config_ex_raw) refers to io.o(.text.io_config_raw) for io_config_raw
    io.o(.ARM.exidx.text.io_config_ex_raw) refers to io.o(.text.io_config_ex_raw) for [Anonymous Symbol]
    io.o(.text.io_init_simple) refers to io.o(.text.io_enable_port_clock) for io_enable_port_clock
    io.o(.text.io_init_simple) refers to io.o(.text.io_build_out_cfg) for io_build_out_cfg
    io.o(.text.io_init_simple) refers to io.o(.text.io_config_ex_raw) for io_config_ex_raw
    io.o(.ARM.exidx.text.io_init_simple) refers to io.o(.text.io_init_simple) for [Anonymous Symbol]
    io.o(.ARM.exidx.text.io_write) refers to io.o(.text.io_write) for [Anonymous Symbol]
    io.o(.ARM.exidx.text.io_read) refers to io.o(.text.io_read) for [Anonymous Symbol]
    io.o(.ARM.exidx.text.io_toggle) refers to io.o(.text.io_toggle) for [Anonymous Symbol]
    delay.o(.ARM.exidx.text.delay_us) refers to delay.o(.text.delay_us) for [Anonymous Symbol]
    delay.o(.text.delay_ms) refers to delay.o(.text.delay_us) for delay_us
    delay.o(.ARM.exidx.text.delay_ms) refers to delay.o(.text.delay_ms) for [Anonymous Symbol]
    serial.o(.ARM.exidx.text.serial2_init) refers to serial.o(.text.serial2_init) for [Anonymous Symbol]
    serial.o(.ARM.exidx.text.serial2_putc) refers to serial.o(.text.serial2_putc) for [Anonymous Symbol]
    serial.o(.text.serial2_puts) refers to serial.o(.text.serial2_putc) for serial2_putc
    serial.o(.ARM.exidx.text.serial2_puts) refers to serial.o(.text.serial2_puts) for [Anonymous Symbol]
    serial.o(.ARM.exidx.text.serial2_readable) refers to serial.o(.text.serial2_readable) for [Anonymous Symbol]
    serial.o(.ARM.exidx.text.serial2_getc) refers to serial.o(.text.serial2_getc) for [Anonymous Symbol]
    i2c_bb.o(.text.i2cbb_init) refers to io.o(.text.io_init_simple) for io_init_simple
    i2c_bb.o(.text.i2cbb_init) refers to i2c_bb.o(.text.scl_release) for scl_release
    i2c_bb.o(.text.i2cbb_init) refers to i2c_bb.o(.text.sda_release) for sda_release
    i2c_bb.o(.text.i2cbb_init) refers to delay.o(.text.delay_us) for delay_us
    i2c_bb.o(.ARM.exidx.text.i2cbb_init) refers to i2c_bb.o(.text.i2cbb_init) for [Anonymous Symbol]
    i2c_bb.o(.text.scl_release) refers to io.o(.text.io_write) for io_write
    i2c_bb.o(.ARM.exidx.text.scl_release) refers to i2c_bb.o(.text.scl_release) for [Anonymous Symbol]
    i2c_bb.o(.text.sda_release) refers to io.o(.text.io_write) for io_write
    i2c_bb.o(.ARM.exidx.text.sda_release) refers to i2c_bb.o(.text.sda_release) for [Anonymous Symbol]
    i2c_bb.o(.text.i2cbb_start) refers to i2c_bb.o(.text.sda_release) for sda_release
    i2c_bb.o(.text.i2cbb_start) refers to i2c_bb.o(.text.scl_release) for scl_release
    i2c_bb.o(.text.i2cbb_start) refers to delay.o(.text.delay_us) for delay_us
    i2c_bb.o(.text.i2cbb_start) refers to i2c_bb.o(.text.sda_low) for sda_low
    i2c_bb.o(.text.i2cbb_start) refers to i2c_bb.o(.text.scl_low) for scl_low
    i2c_bb.o(.ARM.exidx.text.i2cbb_start) refers to i2c_bb.o(.text.i2cbb_start) for [Anonymous Symbol]
    i2c_bb.o(.text.sda_low) refers to io.o(.text.io_write) for io_write
    i2c_bb.o(.ARM.exidx.text.sda_low) refers to i2c_bb.o(.text.sda_low) for [Anonymous Symbol]
    i2c_bb.o(.text.scl_low) refers to io.o(.text.io_write) for io_write
    i2c_bb.o(.ARM.exidx.text.scl_low) refers to i2c_bb.o(.text.scl_low) for [Anonymous Symbol]
    i2c_bb.o(.text.i2cbb_stop) refers to i2c_bb.o(.text.sda_low) for sda_low
    i2c_bb.o(.text.i2cbb_stop) refers to delay.o(.text.delay_us) for delay_us
    i2c_bb.o(.text.i2cbb_stop) refers to i2c_bb.o(.text.scl_release) for scl_release
    i2c_bb.o(.text.i2cbb_stop) refers to i2c_bb.o(.text.wait_scl_high_with_timeout) for wait_scl_high_with_timeout
    i2c_bb.o(.text.i2cbb_stop) refers to i2c_bb.o(.text.sda_release) for sda_release
    i2c_bb.o(.ARM.exidx.text.i2cbb_stop) refers to i2c_bb.o(.text.i2cbb_stop) for [Anonymous Symbol]
    i2c_bb.o(.text.wait_scl_high_with_timeout) refers to i2c_bb.o(.text.read_scl) for read_scl
    i2c_bb.o(.text.wait_scl_high_with_timeout) refers to delay.o(.text.delay_us) for delay_us
    i2c_bb.o(.ARM.exidx.text.wait_scl_high_with_timeout) refers to i2c_bb.o(.text.wait_scl_high_with_timeout) for [Anonymous Symbol]
    i2c_bb.o(.text.i2cbb_write_bit) refers to i2c_bb.o(.text.sda_release) for sda_release
    i2c_bb.o(.text.i2cbb_write_bit) refers to i2c_bb.o(.text.sda_low) for sda_low
    i2c_bb.o(.text.i2cbb_write_bit) refers to delay.o(.text.delay_us) for delay_us
    i2c_bb.o(.text.i2cbb_write_bit) refers to i2c_bb.o(.text.scl_release) for scl_release
    i2c_bb.o(.text.i2cbb_write_bit) refers to i2c_bb.o(.text.wait_scl_high_with_timeout) for wait_scl_high_with_timeout
    i2c_bb.o(.text.i2cbb_write_bit) refers to i2c_bb.o(.text.scl_low) for scl_low
    i2c_bb.o(.ARM.exidx.text.i2cbb_write_bit) refers to i2c_bb.o(.text.i2cbb_write_bit) for [Anonymous Symbol]
    i2c_bb.o(.text.i2cbb_read_bit) refers to i2c_bb.o(.text.sda_release) for sda_release
    i2c_bb.o(.text.i2cbb_read_bit) refers to delay.o(.text.delay_us) for delay_us
    i2c_bb.o(.text.i2cbb_read_bit) refers to delay.o(.text.delay_ms) for delay_ms
    i2c_bb.o(.text.i2cbb_read_bit) refers to i2c_bb.o(.text.scl_release) for scl_release
    i2c_bb.o(.text.i2cbb_read_bit) refers to i2c_bb.o(.text.wait_scl_high_with_timeout) for wait_scl_high_with_timeout
    i2c_bb.o(.text.i2cbb_read_bit) refers to i2c_bb.o(.text.read_sda) for read_sda
    i2c_bb.o(.text.i2cbb_read_bit) refers to i2c_bb.o(.text.scl_low) for scl_low
    i2c_bb.o(.ARM.exidx.text.i2cbb_read_bit) refers to i2c_bb.o(.text.i2cbb_read_bit) for [Anonymous Symbol]
    i2c_bb.o(.text.read_sda) refers to io.o(.text.io_read) for io_read
    i2c_bb.o(.ARM.exidx.text.read_sda) refers to i2c_bb.o(.text.read_sda) for [Anonymous Symbol]
    i2c_bb.o(.text.i2cbb_write_byte) refers to i2c_bb.o(.text.i2cbb_write_bit) for i2cbb_write_bit
    i2c_bb.o(.text.i2cbb_write_byte) refers to i2c_bb.o(.text.i2cbb_read_bit) for i2cbb_read_bit
    i2c_bb.o(.ARM.exidx.text.i2cbb_write_byte) refers to i2c_bb.o(.text.i2cbb_write_byte) for [Anonymous Symbol]
    i2c_bb.o(.text.i2cbb_read_byte) refers to i2c_bb.o(.text.i2cbb_read_bit) for i2cbb_read_bit
    i2c_bb.o(.text.i2cbb_read_byte) refers to i2c_bb.o(.text.i2cbb_write_bit) for i2cbb_write_bit
    i2c_bb.o(.ARM.exidx.text.i2cbb_read_byte) refers to i2c_bb.o(.text.i2cbb_read_byte) for [Anonymous Symbol]
    i2c_bb.o(.text.read_scl) refers to io.o(.text.io_read) for io_read
    i2c_bb.o(.ARM.exidx.text.read_scl) refers to i2c_bb.o(.text.read_scl) for [Anonymous Symbol]
    pcf8574.o(.text.pcf8574_write) refers to i2c_bb.o(.text.i2cbb_start) for i2cbb_start
    pcf8574.o(.text.pcf8574_write) refers to i2c_bb.o(.text.i2cbb_write_byte) for i2cbb_write_byte
    pcf8574.o(.text.pcf8574_write) refers to i2c_bb.o(.text.i2cbb_stop) for i2cbb_stop
    pcf8574.o(.ARM.exidx.text.pcf8574_write) refers to pcf8574.o(.text.pcf8574_write) for [Anonymous Symbol]
    pcf8574.o(.text.pcf8574_read) refers to i2c_bb.o(.text.i2cbb_start) for i2cbb_start
    pcf8574.o(.text.pcf8574_read) refers to i2c_bb.o(.text.i2cbb_write_byte) for i2cbb_write_byte
    pcf8574.o(.text.pcf8574_read) refers to i2c_bb.o(.text.i2cbb_stop) for i2cbb_stop
    pcf8574.o(.text.pcf8574_read) refers to i2c_bb.o(.text.i2cbb_read_byte) for i2cbb_read_byte
    pcf8574.o(.ARM.exidx.text.pcf8574_read) refers to pcf8574.o(.text.pcf8574_read) for [Anonymous Symbol]
    main.o(.text.main) refers to onewire.o(.text.init_pins_onewire) for init_pins_onewire
    main.o(.text.main) refers to onewire.o(.text.init_timer) for init_timer
    main.o(.text.main) refers to main.o(.text.scope_mark_low_both_us) for scope_mark_low_both_us
    main.o(.text.main) refers to main.o(.text.scope_mark_high_both_us) for scope_mark_high_both_us
    main.o(.text.main) refers to onewire.o(.text.init_motif) for init_motif
    main.o(.text.main) refers to onewire.o(.text.onewire_wait_motif_done) for onewire_wait_motif_done
    main.o(.text.main) refers to delay.o(.text.delay_us) for delay_us
    main.o(.text.main) refers to delay.o(.text.delay_ms) for delay_ms
    main.o(.ARM.exidx.text.main) refers to main.o(.text.main) for [Anonymous Symbol]
    main.o(.text.scope_mark_low_both_us) refers to delay.o(.text.delay_us) for delay_us
    main.o(.ARM.exidx.text.scope_mark_low_both_us) refers to main.o(.text.scope_mark_low_both_us) for [Anonymous Symbol]
    main.o(.text.scope_mark_high_both_us) refers to delay.o(.text.delay_us) for delay_us
    main.o(.ARM.exidx.text.scope_mark_high_both_us) refers to main.o(.text.scope_mark_high_both_us) for [Anonymous Symbol]
    onewire.o(.text.init_pins_onewire) refers to io.o(.text.io_enable_port_clock) for io_enable_port_clock
    onewire.o(.text.init_pins_onewire) refers to io.o(.text.io_init_simple) for io_init_simple
    onewire.o(.ARM.exidx.text.init_pins_onewire) refers to onewire.o(.text.init_pins_onewire) for [Anonymous Symbol]
    onewire.o(.text.init_timer) refers to onewire.o(.text.__NVIC_EnableIRQ) for __NVIC_EnableIRQ
    onewire.o(.ARM.exidx.text.init_timer) refers to onewire.o(.text.init_timer) for [Anonymous Symbol]
    onewire.o(.ARM.exidx.text.__NVIC_EnableIRQ) refers to onewire.o(.text.__NVIC_EnableIRQ) for [Anonymous Symbol]
    onewire.o(.text.init_motif) refers to onewire.o(.bss.g_espion_done) for g_espion_done
    onewire.o(.text.init_motif) refers to onewire.o(.bss.g_motif_done) for g_motif_done
    onewire.o(.ARM.exidx.text.init_motif) refers to onewire.o(.text.init_motif) for [Anonymous Symbol]
    onewire.o(.text.onewire_wait_espion_done) refers to onewire.o(.bss.g_espion_done) for g_espion_done
    onewire.o(.ARM.exidx.text.onewire_wait_espion_done) refers to onewire.o(.text.onewire_wait_espion_done) for [Anonymous Symbol]
    onewire.o(.text.onewire_wait_motif_done) refers to onewire.o(.bss.g_motif_done) for g_motif_done
    onewire.o(.ARM.exidx.text.onewire_wait_motif_done) refers to onewire.o(.text.onewire_wait_motif_done) for [Anonymous Symbol]
    onewire.o(.text.onewire_clear_flags) refers to onewire.o(.bss.g_espion_done) for g_espion_done
    onewire.o(.text.onewire_clear_flags) refers to onewire.o(.bss.g_motif_done) for g_motif_done
    onewire.o(.ARM.exidx.text.onewire_clear_flags) refers to onewire.o(.text.onewire_clear_flags) for [Anonymous Symbol]
    onewire.o(.text.TIM3_IRQHandler) refers to onewire.o(.bss.g_espion_done) for g_espion_done
    onewire.o(.text.TIM3_IRQHandler) refers to onewire.o(.bss.g_motif_done) for g_motif_done
    onewire.o(.ARM.exidx.text.TIM3_IRQHandler) refers to onewire.o(.text.TIM3_IRQHandler) for [Anonymous Symbol]
    startup_stm32f10x_md.o(STACK) refers (Special) to heapauxi.o(.text) for __use_two_region_memory
    startup_stm32f10x_md.o(HEAP) refers (Special) to heapauxi.o(.text) for __use_two_region_memory
    startup_stm32f10x_md.o(RESET) refers (Special) to heapauxi.o(.text) for __use_two_region_memory
    startup_stm32f10x_md.o(RESET) refers to startup_stm32f10x_md.o(STACK) for __initial_sp
    startup_stm32f10x_md.o(RESET) refers to startup_stm32f10x_md.o(.text) for Reset_Handler
    startup_stm32f10x_md.o(RESET) refers to onewire.o(.text.TIM3_IRQHandler) for TIM3_IRQHandler
    startup_stm32f10x_md.o(.text) refers (Special) to heapauxi.o(.text) for __use_two_region_memory
    startup_stm32f10x_md.o(.text) refers to system_stm32f10x.o(.text.SystemInit) for SystemInit
    startup_stm32f10x_md.o(.text) refers to __main.o(!!!main) for __main
    startup_stm32f10x_md.o(.text) refers to startup_stm32f10x_md.o(HEAP) for Heap_Mem
    startup_stm32f10x_md.o(.text) refers to startup_stm32f10x_md.o(STACK) for Stack_Mem
    system_stm32f10x.o(.text.SystemInit) refers to system_stm32f10x.o(.text.SetSysClock) for SetSysClock
    system_stm32f10x.o(.ARM.exidx.text.SystemInit) refers to system_stm32f10x.o(.text.SystemInit) for [Anonymous Symbol]
    system_stm32f10x.o(.text.SetSysClock) refers to system_stm32f10x.o(.text.SetSysClockTo72) for SetSysClockTo72
    system_stm32f10x.o(.ARM.exidx.text.SetSysClock) refers to system_stm32f10x.o(.text.SetSysClock) for [Anonymous Symbol]
    system_stm32f10x.o(.text.SystemCoreClockUpdate) refers to system_stm32f10x.o(.data.SystemCoreClock) for SystemCoreClock
    system_stm32f10x.o(.text.SystemCoreClockUpdate) refers to system_stm32f10x.o(.rodata.AHBPrescTable) for AHBPrescTable
    system_stm32f10x.o(.ARM.exidx.text.SystemCoreClockUpdate) refers to system_stm32f10x.o(.text.SystemCoreClockUpdate) for [Anonymous Symbol]
    system_stm32f10x.o(.ARM.exidx.text.SetSysClockTo72) refers to system_stm32f10x.o(.text.SetSysClockTo72) for [Anonymous Symbol]
    __main.o(!!!main) refers to __rtentry.o(.ARM.Collect$$rtentry$$00000000) for __rt_entry
    __rtentry.o(.ARM.Collect$$rtentry$$00000000) refers (Special) to __rtentry2.o(.ARM.Collect$$rtentry$$0000000A) for __rt_entry_li
    __rtentry.o(.ARM.Collect$$rtentry$$00000000) refers (Special) to __rtentry2.o(.ARM.Collect$$rtentry$$0000000D) for __rt_entry_main
    __rtentry.o(.ARM.Collect$$rtentry$$00000000) refers (Special) to __rtentry2.o(.ARM.Collect$$rtentry$$0000000C) for __rt_entry_postli_1
    __rtentry.o(.ARM.Collect$$rtentry$$00000000) refers (Special) to __rtentry2.o(.ARM.Collect$$rtentry$$00000009) for __rt_entry_postsh_1
    __rtentry.o(.ARM.Collect$$rtentry$$00000000) refers (Special) to __rtentry2.o(.ARM.Collect$$rtentry$$00000002) for __rt_entry_presh_1
    __rtentry.o(.ARM.Collect$$rtentry$$00000000) refers (Special) to __rtentry4.o(.ARM.Collect$$rtentry$$00000004) for __rt_entry_sh
    __rtentry2.o(.ARM.Collect$$rtentry$$00000008) refers to boardinit2.o(.text) for _platform_post_stackheap_init
    __rtentry2.o(.ARM.Collect$$rtentry$$0000000A) refers to libinit.o(.ARM.Collect$$libinit$$00000000) for __rt_lib_init
    __rtentry2.o(.ARM.Collect$$rtentry$$0000000B) refers to boardinit3.o(.text) for _platform_post_lib_init
    __rtentry2.o(.ARM.Collect$$rtentry$$0000000D) refers to main.o(.text.main) for main
    __rtentry2.o(.ARM.Collect$$rtentry$$0000000D) refers to exit.o(.text) for exit
    __rtentry2.o(.ARM.exidx) refers to __rtentry2.o(.ARM.Collect$$rtentry$$00000001) for .ARM.Collect$$rtentry$$00000001
    __rtentry2.o(.ARM.exidx) refers to __rtentry2.o(.ARM.Collect$$rtentry$$00000008) for .ARM.Collect$$rtentry$$00000008
    __rtentry2.o(.ARM.exidx) refers to __rtentry2.o(.ARM.Collect$$rtentry$$0000000A) for .ARM.Collect$$rtentry$$0000000A
    __rtentry2.o(.ARM.exidx) refers to __rtentry2.o(.ARM.Collect$$rtentry$$0000000B) for .ARM.Collect$$rtentry$$0000000B
    __rtentry2.o(.ARM.exidx) refers to __rtentry2.o(.ARM.Collect$$rtentry$$0000000D) for .ARM.Collect$$rtentry$$0000000D
    __rtentry4.o(.ARM.Collect$$rtentry$$00000004) refers to sys_stackheap_outer.o(.text) for __user_setup_stackheap
    __rtentry4.o(.ARM.exidx) refers to __rtentry4.o(.ARM.Collect$$rtentry$$00000004) for .ARM.Collect$$rtentry$$00000004
    sys_stackheap_outer.o(.text) refers to libspace.o(.text) for __user_perproc_libspace
    sys_stackheap_outer.o(.text) refers to startup_stm32f10x_md.o(.text) for __user_initial_stackheap
    exit.o(.text) refers to rtexit.o(.ARM.Collect$$rtexit$$00000000) for __rt_exit
    libinit.o(.ARM.Collect$$libinit$$00000000) refers (Special) to libinit2.o(.ARM.Collect$$libinit$$0000002E) for __rt_lib_init_alloca_1
    libinit.o(.ARM.Collect$$libinit$$00000000) refers (Special) to libinit2.o(.ARM.Collect$$libinit$$0000002C) for __rt_lib_init_argv_1
    libinit.o(.ARM.Collect$$libinit$$00000000) refers (Special) to libinit2.o(.ARM.Collect$$libinit$$0000001B) for __rt_lib_init_atexit_1
    libinit.o(.ARM.Collect$$libinit$$00000000) refers (Special) to libinit2.o(.ARM.Collect$$libinit$$00000021) for __rt_lib_init_clock_1
    libinit.o(.ARM.Collect$$libinit$$00000000) refers (Special) to libinit2.o(.ARM.Collect$$libinit$$00000032) for __rt_lib_init_cpp_1
    libinit.o(.ARM.Collect$$libinit$$00000000) refers (Special) to libinit2.o(.ARM.Collect$$libinit$$00000030) for __rt_lib_init_exceptions_1
    libinit.o(.ARM.Collect$$libinit$$00000000) refers (Special) to libinit2.o(.ARM.Collect$$libinit$$00000002) for __rt_lib_init_fp_1
    libinit.o(.ARM.Collect$$libinit$$00000000) refers (Special) to libinit2.o(.ARM.Collect$$libinit$$0000001F) for __rt_lib_init_fp_trap_1
    libinit.o(.ARM.Collect$$libinit$$00000000) refers (Special) to libinit2.o(.ARM.Collect$$libinit$$00000023) for __rt_lib_init_getenv_1
    libinit.o(.ARM.Collect$$libinit$$00000000) refers (Special) to libinit2.o(.ARM.Collect$$libinit$$0000000A) for __rt_lib_init_heap_1
    libinit.o(.ARM.Collect$$libinit$$00000000) refers (Special) to libinit2.o(.ARM.Collect$$libinit$$00000011) for __rt_lib_init_lc_collate_1
    libinit.o(.ARM.Collect$$libinit$$00000000) refers (Special) to libinit2.o(.ARM.Collect$$libinit$$00000013) for __rt_lib_init_lc_ctype_1
    libinit.o(.ARM.Collect$$libinit$$00000000) refers (Special) to libinit2.o(.ARM.Collect$$libinit$$00000015) for __rt_lib_init_lc_monetary_1
    libinit.o(.ARM.Collect$$libinit$$00000000) refers (Special) to libinit2.o(.ARM.Collect$$libinit$$00000017) for __rt_lib_init_lc_numeric_1
    libinit.o(.ARM.Collect$$libinit$$00000000) refers (Special) to libinit2.o(.ARM.Collect$$libinit$$00000019) for __rt_lib_init_lc_time_1
    libinit.o(.ARM.Collect$$libinit$$00000000) refers (Special) to libinit2.o(.ARM.Collect$$libinit$$00000004) for __rt_lib_init_preinit_1
    libinit.o(.ARM.Collect$$libinit$$00000000) refers (Special) to libinit2.o(.ARM.Collect$$libinit$$0000000E) for __rt_lib_init_rand_1
    libinit.o(.ARM.Collect$$libinit$$00000000) refers (Special) to libinit2.o(.ARM.Collect$$libinit$$00000033) for __rt_lib_init_return
    libinit.o(.ARM.Collect$$libinit$$00000000) refers (Special) to libinit2.o(.ARM.Collect$$libinit$$0000001D) for __rt_lib_init_signal_1
    libinit.o(.ARM.Collect$$libinit$$00000000) refers (Special) to libinit2.o(.ARM.Collect$$libinit$$00000025) for __rt_lib_init_stdio_1
    libinit.o(.ARM.Collect$$libinit$$00000000) refers (Special) to libinit2.o(.ARM.Collect$$libinit$$0000000C) for __rt_lib_init_user_alloc_1
    libspace.o(.text) refers to libspace.o(.bss) for __libspace_start
    rtexit.o(.ARM.Collect$$rtexit$$00000000) refers (Special) to rtexit2.o(.ARM.Collect$$rtexit$$00000004) for __rt_exit_exit
    rtexit.o(.ARM.Collect$$rtexit$$00000000) refers (Special) to rtexit2.o(.ARM.Collect$$rtexit$$00000003) for __rt_exit_ls
    rtexit.o(.ARM.Collect$$rtexit$$00000000) refers (Special) to rtexit2.o(.ARM.Collect$$rtexit$$00000002) for __rt_exit_prels_1
    rtexit.o(.ARM.exidx) refers (Special) to rtexit2.o(.ARM.Collect$$rtexit$$00000004) for __rt_exit_exit
    rtexit.o(.ARM.exidx) refers (Special) to rtexit2.o(.ARM.Collect$$rtexit$$00000003) for __rt_exit_ls
    rtexit.o(.ARM.exidx) refers (Special) to rtexit2.o(.ARM.Collect$$rtexit$$00000002) for __rt_exit_prels_1
    rtexit.o(.ARM.exidx) refers to rtexit.o(.ARM.Collect$$rtexit$$00000000) for .ARM.Collect$$rtexit$$00000000
    libinit2.o(.ARM.Collect$$libinit$$00000010) refers to libinit2.o(.ARM.Collect$$libinit$$0000000F) for .ARM.Collect$$libinit$$0000000F
    libinit2.o(.ARM.Collect$$libinit$$00000012) refers to libinit2.o(.ARM.Collect$$libinit$$0000000F) for .ARM.Collect$$libinit$$0000000F
    libinit2.o(.ARM.Collect$$libinit$$00000014) refers to libinit2.o(.ARM.Collect$$libinit$$0000000F) for .ARM.Collect$$libinit$$0000000F
    libinit2.o(.ARM.Collect$$libinit$$00000016) refers to libinit2.o(.ARM.Collect$$libinit$$0000000F) for .ARM.Collect$$libinit$$0000000F
    libinit2.o(.ARM.Collect$$libinit$$00000018) refers to libinit2.o(.ARM.Collect$$libinit$$0000000F) for .ARM.Collect$$libinit$$0000000F
    libinit2.o(.ARM.Collect$$libinit$$00000026) refers to argv_veneer.o(.emb_text) for __ARM_argv_veneer
    libinit2.o(.ARM.Collect$$libinit$$00000027) refers to argv_veneer.o(.emb_text) for __ARM_argv_veneer
    rtexit2.o(.ARM.Collect$$rtexit$$00000003) refers to libshutdown.o(.ARM.Collect$$libshutdown$$00000000) for __rt_lib_shutdown
    rtexit2.o(.ARM.Collect$$rtexit$$00000004) refers to sys_exit.o(.text) for _sys_exit
    rtexit2.o(.ARM.exidx) refers to rtexit2.o(.ARM.Collect$$rtexit$$00000001) for .ARM.Collect$$rtexit$$00000001
    rtexit2.o(.ARM.exidx) refers to rtexit2.o(.ARM.Collect$$rtexit$$00000003) for .ARM.Collect$$rtexit$$00000003
    rtexit2.o(.ARM.exidx) refers to rtexit2.o(.ARM.Collect$$rtexit$$00000004) for .ARM.Collect$$rtexit$$00000004
    argv_veneer.o(.emb_text) refers to no_argv.o(.text) for __ARM_get_argv
    sys_exit.o(.text) refers (Special) to use_no_semi.o(.text) for __I$use$semihosting
    sys_exit.o(.text) refers (Special) to indicate_semi.o(.text) for __semihosting_library_function
    sys_exit_hlt.o(.text) refers (Special) to use_no_semi.o(.text) for __I$use$semihosting
    sys_exit_hlt.o(.text) refers (Special) to indicate_semi.o(.text) for __semihosting_library_function
    _get_argv_nomalloc.o(.text) refers (Special) to hrguard.o(.text) for __heap_region$guard
    _get_argv_nomalloc.o(.text) refers to defsig_rtmem_outer.o(.text) for __rt_SIGRTMEM
    _get_argv_nomalloc.o(.text) refers to sys_command.o(.text) for _sys_command_string
    libshutdown.o(.ARM.Collect$$libshutdown$$00000000) refers (Special) to libshutdown2.o(.ARM.Collect$$libshutdown$$00000002) for __rt_lib_shutdown_cpp_1
    libshutdown.o(.ARM.Collect$$libshutdown$$00000000) refers (Special) to libshutdown2.o(.ARM.Collect$$libshutdown$$00000007) for __rt_lib_shutdown_fp_trap_1
    libshutdown.o(.ARM.Collect$$libshutdown$$00000000) refers (Special) to libshutdown2.o(.ARM.Collect$$libshutdown$$0000000F) for __rt_lib_shutdown_heap_1
    libshutdown.o(.ARM.Collect$$libshutdown$$00000000) refers (Special) to libshutdown2.o(.ARM.Collect$$libshutdown$$00000010) for __rt_lib_shutdown_return
    libshutdown.o(.ARM.Collect$$libshutdown$$00000000) refers (Special) to libshutdown2.o(.ARM.Collect$$libshutdown$$0000000A) for __rt_lib_shutdown_signal_1
    libshutdown.o(.ARM.Collect$$libshutdown$$00000000) refers (Special) to libshutdown2.o(.ARM.Collect$$libshutdown$$00000004) for __rt_lib_shutdown_stdio_1
    libshutdown.o(.ARM.Collect$$libshutdown$$00000000) refers (Special) to libshutdown2.o(.ARM.Collect$$libshutdown$$0000000C) for __rt_lib_shutdown_user_alloc_1
    sys_command.o(.text) refers (Special) to use_no_semi.o(.text) for __I$use$semihosting
    sys_command.o(.text) refers (Special) to indicate_semi.o(.text) for __semihosting_library_function
    sys_command_hlt.o(.text) refers (Special) to use_no_semi.o(.text) for __I$use$semihosting
    sys_command_hlt.o(.text) refers (Special) to indicate_semi.o(.text) for __semihosting_library_function
    defsig_rtmem_outer.o(.text) refers to defsig_rtmem_inner.o(.text) for __rt_SIGRTMEM_inner
    defsig_rtmem_outer.o(.text) refers to defsig_exit.o(.text) for __sig_exit
    defsig_rtmem_formal.o(.text) refers to rt_raise.o(.text) for __rt_raise
    rt_raise.o(.text) refers to __raise.o(.text) for __raise
    rt_raise.o(.text) refers to sys_exit.o(.text) for _sys_exit
    defsig_exit.o(.text) refers to sys_exit.o(.text) for _sys_exit
    defsig_rtmem_inner.o(.text) refers to defsig_general.o(.text) for __default_signal_display
    __raise.o(.text) refers to defsig.o(CL$$defsig) for __default_signal_handler
    defsig_general.o(.text) refers to sys_wrch.o(.text) for _ttywrch
    sys_wrch.o(.text) refers (Special) to use_no_semi.o(.text) for __I$use$semihosting
    sys_wrch.o(.text) refers (Special) to indicate_semi.o(.text) for __semihosting_library_function
    sys_wrch_hlt.o(.text) refers (Special) to use_no_semi.o(.text) for __I$use$semihosting
    sys_wrch_hlt.o(.text) refers (Special) to indicate_semi.o(.text) for __semihosting_library_function
    defsig.o(CL$$defsig) refers to defsig_rtmem_inner.o(.text) for __rt_SIGRTMEM_inner
    defsig_abrt_inner.o(.text) refers to defsig_general.o(.text) for __default_signal_display
    defsig_fpe_inner.o(.text) refers to defsig_general.o(.text) for __default_signal_display
    defsig_rtred_inner.o(.text) refers to defsig_general.o(.text) for __default_signal_display
    defsig_stak_inner.o(.text) refers to defsig_general.o(.text) for __default_signal_display
    defsig_pvfn_inner.o(.text) refers to defsig_general.o(.text) for __default_signal_display
    defsig_cppl_inner.o(.text) refers to defsig_general.o(.text) for __default_signal_display
    defsig_segv_inner.o(.text) refers to defsig_general.o(.text) for __default_signal_display
    defsig_other.o(.text) refers to defsig_general.o(.text) for __default_signal_display


==============================================================================

Removing Unused input sections from the image.

    Removing io.o(.text), (0 bytes).
    Removing io.o(.ARM.exidx.text.io_build_out_cfg), (8 bytes).
    Removing io.o(.ARM.exidx.text.io_enable_port_clock), (8 bytes).
    Removing io.o(.ARM.exidx.text.io__rcc_gpio_en_bit), (8 bytes).
    Removing io.o(.ARM.exidx.text.io_config_raw), (8 bytes).
    Removing io.o(.ARM.exidx.text.io__cr_reg), (8 bytes).
    Removing io.o(.ARM.exidx.text.io_config_ex_raw), (8 bytes).
    Removing io.o(.ARM.exidx.text.io_init_simple), (8 bytes).
    Removing io.o(.text.io_write), (24 bytes).
    Removing io.o(.ARM.exidx.text.io_write), (8 bytes).
    Removing io.o(.text.io_read), (26 bytes).
    Removing io.o(.ARM.exidx.text.io_read), (8 bytes).
    Removing io.o(.text.io_toggle), (22 bytes).
    Removing io.o(.ARM.exidx.text.io_toggle), (8 bytes).
    Removing delay.o(.text), (0 bytes).
    Removing delay.o(.ARM.exidx.text.delay_us), (8 bytes).
    Removing delay.o(.ARM.exidx.text.delay_ms), (8 bytes).
    Removing serial.o(.text), (0 bytes).
    Removing serial.o(.text.serial2_init), (108 bytes).
    Removing serial.o(.ARM.exidx.text.serial2_init), (8 bytes).
    Removing serial.o(.text.serial2_putc), (18 bytes).
    Removing serial.o(.ARM.exidx.text.serial2_putc), (8 bytes).
    Removing serial.o(.text.serial2_puts), (32 bytes).
    Removing serial.o(.ARM.exidx.text.serial2_puts), (8 bytes).
    Removing serial.o(.text.serial2_readable), (16 bytes).
    Removing serial.o(.ARM.exidx.text.serial2_readable), (8 bytes).
    Removing serial.o(.text.serial2_getc), (20 bytes).
    Removing serial.o(.ARM.exidx.text.serial2_getc), (8 bytes).
    Removing i2c_bb.o(.text), (0 bytes).
    Removing i2c_bb.o(.text.i2cbb_init), (64 bytes).
    Removing i2c_bb.o(.ARM.exidx.text.i2cbb_init), (8 bytes).
    Removing i2c_bb.o(.text.scl_release), (20 bytes).
    Removing i2c_bb.o(.ARM.exidx.text.scl_release), (8 bytes).
    Removing i2c_bb.o(.text.sda_release), (20 bytes).
    Removing i2c_bb.o(.ARM.exidx.text.sda_release), (8 bytes).
    Removing i2c_bb.o(.text.i2cbb_start), (38 bytes).
    Removing i2c_bb.o(.ARM.exidx.text.i2cbb_start), (8 bytes).
    Removing i2c_bb.o(.text.sda_low), (20 bytes).
    Removing i2c_bb.o(.ARM.exidx.text.sda_low), (8 bytes).
    Removing i2c_bb.o(.text.scl_low), (20 bytes).
    Removing i2c_bb.o(.ARM.exidx.text.scl_low), (8 bytes).
    Removing i2c_bb.o(.text.i2cbb_stop), (38 bytes).
    Removing i2c_bb.o(.ARM.exidx.text.i2cbb_stop), (8 bytes).
    Removing i2c_bb.o(.text.wait_scl_high_with_timeout), (34 bytes).
    Removing i2c_bb.o(.ARM.exidx.text.wait_scl_high_with_timeout), (8 bytes).
    Removing i2c_bb.o(.text.i2cbb_write_bit), (46 bytes).
    Removing i2c_bb.o(.ARM.exidx.text.i2cbb_write_bit), (8 bytes).
    Removing i2c_bb.o(.text.i2cbb_read_bit), (84 bytes).
    Removing i2c_bb.o(.ARM.exidx.text.i2cbb_read_bit), (8 bytes).
    Removing i2c_bb.o(.text.read_sda), (18 bytes).
    Removing i2c_bb.o(.ARM.exidx.text.read_sda), (8 bytes).
    Removing i2c_bb.o(.text.i2cbb_write_byte), (36 bytes).
    Removing i2c_bb.o(.ARM.exidx.text.i2cbb_write_byte), (8 bytes).
    Removing i2c_bb.o(.text.i2cbb_read_byte), (40 bytes).
    Removing i2c_bb.o(.ARM.exidx.text.i2cbb_read_byte), (8 bytes).
    Removing i2c_bb.o(.text.read_scl), (18 bytes).
    Removing i2c_bb.o(.ARM.exidx.text.read_scl), (8 bytes).
    Removing pcf8574.o(.text), (0 bytes).
    Removing pcf8574.o(.text.pcf8574_write), (44 bytes).
    Removing pcf8574.o(.ARM.exidx.text.pcf8574_write), (8 bytes).
    Removing pcf8574.o(.text.pcf8574_read), (56 bytes).
    Removing pcf8574.o(.ARM.exidx.text.pcf8574_read), (8 bytes).
    Removing main.o(.text), (0 bytes).
    Removing main.o(.ARM.exidx.text.main), (8 bytes).
    Removing main.o(.ARM.exidx.text.scope_mark_low_both_us), (8 bytes).
    Removing main.o(.ARM.exidx.text.scope_mark_high_both_us), (8 bytes).
    Removing main.o(.ARM.use_no_argv), (4 bytes).
    Removing onewire.o(.text), (0 bytes).
    Removing onewire.o(.ARM.exidx.text.init_pins_onewire), (8 bytes).
    Removing onewire.o(.ARM.exidx.text.init_timer), (8 bytes).
    Removing onewire.o(.ARM.exidx.text.__NVIC_EnableIRQ), (8 bytes).
    Removing onewire.o(.ARM.exidx.text.init_motif), (8 bytes).
    Removing onewire.o(.text.onewire_wait_espion_done), (16 bytes).
    Removing onewire.o(.ARM.exidx.text.onewire_wait_espion_done), (8 bytes).
    Removing onewire.o(.ARM.exidx.text.onewire_wait_motif_done), (8 bytes).
    Removing onewire.o(.text.onewire_clear_flags), (24 bytes).
    Removing onewire.o(.ARM.exidx.text.onewire_clear_flags), (8 bytes).
    Removing onewire.o(.ARM.exidx.text.TIM3_IRQHandler), (8 bytes).
    Removing system_stm32f10x.o(.text), (0 bytes).
    Removing system_stm32f10x.o(.ARM.exidx.text.SystemInit), (8 bytes).
    Removing system_stm32f10x.o(.ARM.exidx.text.SetSysClock), (8 bytes).
    Removing system_stm32f10x.o(.text.SystemCoreClockUpdate), (110 bytes).
    Removing system_stm32f10x.o(.ARM.exidx.text.SystemCoreClockUpdate), (8 bytes).
    Removing system_stm32f10x.o(.ARM.exidx.text.SetSysClockTo72), (8 bytes).
    Removing system_stm32f10x.o(.data.SystemCoreClock), (4 bytes).
    Removing system_stm32f10x.o(.rodata.AHBPrescTable), (16 bytes).

86 unused section(s) (total 1420 bytes) removed from the image.

==============================================================================

Image Symbol Table

    Local Symbols

    Symbol Name                              Value     Ov Type        Size  Object(Section)

    ../clib/angel/boardlib.s                 0x00000000   Number         0  boardinit1.o ABSOLUTE
    ../clib/angel/boardlib.s                 0x00000000   Number         0  boardinit2.o ABSOLUTE
    ../clib/angel/boardlib.s                 0x00000000   Number         0  boardinit3.o ABSOLUTE
    ../clib/angel/boardlib.s                 0x00000000   Number         0  boardshut.o ABSOLUTE
    ../clib/angel/handlers.s                 0x00000000   Number         0  __scatter_zi.o ABSOLUTE
    ../clib/angel/kernel.s                   0x00000000   Number         0  __rtentry.o ABSOLUTE
    ../clib/angel/kernel.s                   0x00000000   Number         0  __rtentry2.o ABSOLUTE
    ../clib/angel/kernel.s                   0x00000000   Number         0  __rtentry4.o ABSOLUTE
    ../clib/angel/kernel.s                   0x00000000   Number         0  rtexit.o ABSOLUTE
    ../clib/angel/kernel.s                   0x00000000   Number         0  rtexit2.o ABSOLUTE
    ../clib/angel/rt.s                       0x00000000   Number         0  rt_raise.o ABSOLUTE
    ../clib/angel/scatter.s                  0x00000000   Number         0  __scatter.o ABSOLUTE
    ../clib/angel/startup.s                  0x00000000   Number         0  __main.o ABSOLUTE
    ../clib/angel/sys.s                      0x00000000   Number         0  sys_stackheap_outer.o ABSOLUTE
    ../clib/angel/sys.s                      0x00000000   Number         0  libspace.o ABSOLUTE
    ../clib/angel/sys.s                      0x00000000   Number         0  use_no_semi.o ABSOLUTE
    ../clib/angel/sys.s                      0x00000000   Number         0  indicate_semi.o ABSOLUTE
    ../clib/angel/sysapp.c                   0x00000000   Number         0  sys_exit.o ABSOLUTE
    ../clib/angel/sysapp.c                   0x00000000   Number         0  sys_exit_hlt.o ABSOLUTE
    ../clib/angel/sysapp.c                   0x00000000   Number         0  sys_command.o ABSOLUTE
    ../clib/angel/sysapp.c                   0x00000000   Number         0  sys_command_hlt.o ABSOLUTE
    ../clib/angel/sysapp.c                   0x00000000   Number         0  sys_wrch.o ABSOLUTE
    ../clib/angel/sysapp.c                   0x00000000   Number         0  sys_wrch_hlt.o ABSOLUTE
    ../clib/armsys.c                         0x00000000   Number         0  argv_veneer.o ABSOLUTE
    ../clib/armsys.c                         0x00000000   Number         0  argv_veneer.o ABSOLUTE
    ../clib/armsys.c                         0x00000000   Number         0  _get_argv_nomalloc.o ABSOLUTE
    ../clib/armsys.c                         0x00000000   Number         0  no_argv.o ABSOLUTE
    ../clib/heapalloc.c                      0x00000000   Number         0  hrguard.o ABSOLUTE
    ../clib/heapaux.c                        0x00000000   Number         0  heapauxi.o ABSOLUTE
    ../clib/libinit.s                        0x00000000   Number         0  libinit.o ABSOLUTE
    ../clib/libinit.s                        0x00000000   Number         0  libinit2.o ABSOLUTE
    ../clib/libinit.s                        0x00000000   Number         0  libshutdown.o ABSOLUTE
    ../clib/libinit.s                        0x00000000   Number         0  libshutdown2.o ABSOLUTE
    ../clib/signal.c                         0x00000000   Number         0  defsig_rtmem_outer.o ABSOLUTE
    ../clib/signal.c                         0x00000000   Number         0  defsig_rtmem_formal.o ABSOLUTE
    ../clib/signal.c                         0x00000000   Number         0  defsig_exit.o ABSOLUTE
    ../clib/signal.c                         0x00000000   Number         0  defsig_rtmem_inner.o ABSOLUTE
    ../clib/signal.c                         0x00000000   Number         0  __raise.o ABSOLUTE
    ../clib/signal.c                         0x00000000   Number         0  defsig_general.o ABSOLUTE
    ../clib/signal.c                         0x00000000   Number         0  defsig_abrt_inner.o ABSOLUTE
    ../clib/signal.c                         0x00000000   Number         0  defsig_fpe_inner.o ABSOLUTE
    ../clib/signal.c                         0x00000000   Number         0  defsig_rtred_inner.o ABSOLUTE
    ../clib/signal.c                         0x00000000   Number         0  defsig_stak_inner.o ABSOLUTE
    ../clib/signal.c                         0x00000000   Number         0  defsig_pvfn_inner.o ABSOLUTE
    ../clib/signal.c                         0x00000000   Number         0  defsig_cppl_inner.o ABSOLUTE
    ../clib/signal.c                         0x00000000   Number         0  defsig_segv_inner.o ABSOLUTE
    ../clib/signal.c                         0x00000000   Number         0  defsig_other.o ABSOLUTE
    ../clib/signal.s                         0x00000000   Number         0  defsig.o ABSOLUTE
    ../clib/stdlib.c                         0x00000000   Number         0  exit.o ABSOLUTE
    ../fplib/fpinit.s                        0x00000000   Number         0  fpinit.o ABSOLUTE
    ../fplib/fpinit_empty.s                  0x00000000   Number         0  fpinit_empty.o ABSOLUTE
    RTE/Device/STM32F103R8/startup_stm32f10x_md.s 0x00000000   Number         0  startup_stm32f10x_md.o ABSOLUTE
    dc.s                                     0x00000000   Number         0  dc.o ABSOLUTE
    delay.c                                  0x00000000   Number         0  delay.o ABSOLUTE
    i2c_bb.c                                 0x00000000   Number         0  i2c_bb.o ABSOLUTE
    io.c                                     0x00000000   Number         0  io.o ABSOLUTE
    main.c                                   0x00000000   Number         0  main.o ABSOLUTE
    onewire.c                                0x00000000   Number         0  onewire.o ABSOLUTE
    pcf8574.c                                0x00000000   Number         0  pcf8574.o ABSOLUTE
    serial.c                                 0x00000000   Number         0  serial.o ABSOLUTE
    system_stm32f10x.c                       0x00000000   Number         0  system_stm32f10x.o ABSOLUTE
    RESET                                    0x08000000   Section      236  startup_stm32f10x_md.o(RESET)
    !!!main                                  0x080000ec   Section        8  __main.o(!!!main)
    !!!scatter                               0x080000f4   Section       52  __scatter.o(!!!scatter)
    !!handler_zi                             0x08000128   Section       28  __scatter_zi.o(!!handler_zi)
    .ARM.Collect$$libinit$$00000000          0x08000144   Section        2  libinit.o(.ARM.Collect$$libinit$$00000000)
    .ARM.Collect$$libinit$$00000002          0x08000146   Section        0  libinit2.o(.ARM.Collect$$libinit$$00000002)
    .ARM.Collect$$libinit$$00000004          0x08000146   Section        0  libinit2.o(.ARM.Collect$$libinit$$00000004)
    .ARM.Collect$$libinit$$0000000A          0x08000146   Section        0  libinit2.o(.ARM.Collect$$libinit$$0000000A)
    .ARM.Collect$$libinit$$0000000C          0x08000146   Section        0  libinit2.o(.ARM.Collect$$libinit$$0000000C)
    .ARM.Collect$$libinit$$0000000E          0x08000146   Section        0  libinit2.o(.ARM.Collect$$libinit$$0000000E)
    .ARM.Collect$$libinit$$00000011          0x08000146   Section        0  libinit2.o(.ARM.Collect$$libinit$$00000011)
    .ARM.Collect$$libinit$$00000013          0x08000146   Section        0  libinit2.o(.ARM.Collect$$libinit$$00000013)
    .ARM.Collect$$libinit$$00000015          0x08000146   Section        0  libinit2.o(.ARM.Collect$$libinit$$00000015)
    .ARM.Collect$$libinit$$00000017          0x08000146   Section        0  libinit2.o(.ARM.Collect$$libinit$$00000017)
    .ARM.Collect$$libinit$$00000019          0x08000146   Section        0  libinit2.o(.ARM.Collect$$libinit$$00000019)
    .ARM.Collect$$libinit$$0000001B          0x08000146   Section        0  libinit2.o(.ARM.Collect$$libinit$$0000001B)
    .ARM.Collect$$libinit$$0000001D          0x08000146   Section        0  libinit2.o(.ARM.Collect$$libinit$$0000001D)
    .ARM.Collect$$libinit$$0000001F          0x08000146   Section        0  libinit2.o(.ARM.Collect$$libinit$$0000001F)
    .ARM.Collect$$libinit$$00000021          0x08000146   Section        0  libinit2.o(.ARM.Collect$$libinit$$00000021)
    .ARM.Collect$$libinit$$00000023          0x08000146   Section        0  libinit2.o(.ARM.Collect$$libinit$$00000023)
    .ARM.Collect$$libinit$$00000025          0x08000146   Section        0  libinit2.o(.ARM.Collect$$libinit$$00000025)
    .ARM.Collect$$libinit$$0000002C          0x08000146   Section        0  libinit2.o(.ARM.Collect$$libinit$$0000002C)
    .ARM.Collect$$libinit$$0000002E          0x08000146   Section        0  libinit2.o(.ARM.Collect$$libinit$$0000002E)
    .ARM.Collect$$libinit$$00000030          0x08000146   Section        0  libinit2.o(.ARM.Collect$$libinit$$00000030)
    .ARM.Collect$$libinit$$00000032          0x08000146   Section        0  libinit2.o(.ARM.Collect$$libinit$$00000032)
    .ARM.Collect$$libinit$$00000033          0x08000146   Section        2  libinit2.o(.ARM.Collect$$libinit$$00000033)
    .ARM.Collect$$libshutdown$$00000000      0x08000148   Section        2  libshutdown.o(.ARM.Collect$$libshutdown$$00000000)
    .ARM.Collect$$libshutdown$$00000002      0x0800014a   Section        0  libshutdown2.o(.ARM.Collect$$libshutdown$$00000002)
    .ARM.Collect$$libshutdown$$00000004      0x0800014a   Section        0  libshutdown2.o(.ARM.Collect$$libshutdown$$00000004)
    .ARM.Collect$$libshutdown$$00000007      0x0800014a   Section        0  libshutdown2.o(.ARM.Collect$$libshutdown$$00000007)
    .ARM.Collect$$libshutdown$$0000000A      0x0800014a   Section        0  libshutdown2.o(.ARM.Collect$$libshutdown$$0000000A)
    .ARM.Collect$$libshutdown$$0000000C      0x0800014a   Section        0  libshutdown2.o(.ARM.Collect$$libshutdown$$0000000C)
    .ARM.Collect$$libshutdown$$0000000F      0x0800014a   Section        0  libshutdown2.o(.ARM.Collect$$libshutdown$$0000000F)
    .ARM.Collect$$libshutdown$$00000010      0x0800014a   Section        2  libshutdown2.o(.ARM.Collect$$libshutdown$$00000010)
    .ARM.Collect$$rtentry$$00000000          0x0800014c   Section        0  __rtentry.o(.ARM.Collect$$rtentry$$00000000)
    .ARM.Collect$$rtentry$$00000002          0x0800014c   Section        0  __rtentry2.o(.ARM.Collect$$rtentry$$00000002)
    .ARM.Collect$$rtentry$$00000004          0x0800014c   Section        6  __rtentry4.o(.ARM.Collect$$rtentry$$00000004)
    .ARM.Collect$$rtentry$$00000009          0x08000152   Section        0  __rtentry2.o(.ARM.Collect$$rtentry$$00000009)
    .ARM.Collect$$rtentry$$0000000A          0x08000152   Section        4  __rtentry2.o(.ARM.Collect$$rtentry$$0000000A)
    .ARM.Collect$$rtentry$$0000000C          0x08000156   Section        0  __rtentry2.o(.ARM.Collect$$rtentry$$0000000C)
    .ARM.Collect$$rtentry$$0000000D          0x08000156   Section        8  __rtentry2.o(.ARM.Collect$$rtentry$$0000000D)
    .ARM.Collect$$rtexit$$00000000           0x0800015e   Section        2  rtexit.o(.ARM.Collect$$rtexit$$00000000)
    .ARM.Collect$$rtexit$$00000002           0x08000160   Section        0  rtexit2.o(.ARM.Collect$$rtexit$$00000002)
    .ARM.Collect$$rtexit$$00000003           0x08000160   Section        4  rtexit2.o(.ARM.Collect$$rtexit$$00000003)
    .ARM.Collect$$rtexit$$00000004           0x08000164   Section        6  rtexit2.o(.ARM.Collect$$rtexit$$00000004)
    .text                                    0x0800016c   Section       64  startup_stm32f10x_md.o(.text)
    .text                                    0x080001ac   Section        0  heapauxi.o(.text)
    .text                                    0x080001b2   Section       74  sys_stackheap_outer.o(.text)
    .text                                    0x080001fc   Section        0  exit.o(.text)
    .text                                    0x08000210   Section        8  libspace.o(.text)
    .text                                    0x08000218   Section        0  sys_exit.o(.text)
    .text                                    0x08000224   Section        2  use_no_semi.o(.text)
    .text                                    0x08000226   Section        0  indicate_semi.o(.text)
    SetSysClock                              0x08000229   Thumb Code     8  system_stm32f10x.o(.text.SetSysClock)
    [Anonymous Symbol]                       0x08000228   Section        0  system_stm32f10x.o(.text.SetSysClock)
    SetSysClockTo72                          0x08000231   Thumb Code   190  system_stm32f10x.o(.text.SetSysClockTo72)
    [Anonymous Symbol]                       0x08000230   Section        0  system_stm32f10x.o(.text.SetSysClockTo72)
    [Anonymous Symbol]                       0x080002f0   Section        0  system_stm32f10x.o(.text.SystemInit)
    [Anonymous Symbol]                       0x08000348   Section        0  onewire.o(.text.TIM3_IRQHandler)
    __NVIC_EnableIRQ                         0x080003b5   Thumb Code    16  onewire.o(.text.__NVIC_EnableIRQ)
    [Anonymous Symbol]                       0x080003b4   Section        0  onewire.o(.text.__NVIC_EnableIRQ)
    [Anonymous Symbol]                       0x080003c4   Section        0  delay.o(.text.delay_ms)
    [Anonymous Symbol]                       0x080003e0   Section        0  delay.o(.text.delay_us)
    [Anonymous Symbol]                       0x08000404   Section        0  onewire.o(.text.init_motif)
    [Anonymous Symbol]                       0x080004c4   Section        0  onewire.o(.text.init_pins_onewire)
    [Anonymous Symbol]                       0x08000520   Section        0  onewire.o(.text.init_timer)
    io__cr_reg                               0x080005ad   Thumb Code    18  io.o(.text.io__cr_reg)
    [Anonymous Symbol]                       0x080005ac   Section        0  io.o(.text.io__cr_reg)
    io__rcc_gpio_en_bit                      0x080005c1   Thumb Code    48  io.o(.text.io__rcc_gpio_en_bit)
    [Anonymous Symbol]                       0x080005c0   Section        0  io.o(.text.io__rcc_gpio_en_bit)
    [Anonymous Symbol]                       0x080005f0   Section        0  io.o(.text.io_build_out_cfg)
    [Anonymous Symbol]                       0x08000620   Section        0  io.o(.text.io_config_ex_raw)
    [Anonymous Symbol]                       0x0800067c   Section        0  io.o(.text.io_config_raw)
    [Anonymous Symbol]                       0x080006b4   Section        0  io.o(.text.io_enable_port_clock)
    [Anonymous Symbol]                       0x080006d4   Section        0  io.o(.text.io_init_simple)
    [Anonymous Symbol]                       0x08000750   Section        0  main.o(.text.main)
    [Anonymous Symbol]                       0x080007a4   Section        0  onewire.o(.text.onewire_wait_motif_done)
    scope_mark_high_both_us                  0x080007b5   Thumb Code    80  main.o(.text.scope_mark_high_both_us)
    [Anonymous Symbol]                       0x080007b4   Section        0  main.o(.text.scope_mark_high_both_us)
    scope_mark_low_both_us                   0x08000805   Thumb Code    80  main.o(.text.scope_mark_low_both_us)
    [Anonymous Symbol]                       0x08000804   Section        0  main.o(.text.scope_mark_low_both_us)
    .bss                                     0x20000000   Section       96  libspace.o(.bss)
    Heap_Mem                                 0x20000068   Data         512  startup_stm32f10x_md.o(HEAP)
    HEAP                                     0x20000068   Section      512  startup_stm32f10x_md.o(HEAP)
    Stack_Mem                                0x20000268   Data        1024  startup_stm32f10x_md.o(STACK)
    STACK                                    0x20000268   Section     1024  startup_stm32f10x_md.o(STACK)
    __initial_sp                             0x20000668   Data           0  startup_stm32f10x_md.o(STACK)

    Global Symbols

    Symbol Name                              Value     Ov Type        Size  Object(Section)

    BuildAttributes$$THM_ISAv4$P$D$K$B$S$PE$A:L22UL41UL21$X:L11$S22US41US21$IEEE1$IW$~IW$USESV6$~STKCKD$USESV7$~SHL$OTIME$ROPI$EBA8$UX$STANDARDLIB$REQ8$PRES8$EABIv2 0x00000000   Number         0  anon$$obj.o ABSOLUTE
    __fp_init_empty                          0x00000000   Number         0  fpinit_empty.o ABSOLUTE
    __ARM_exceptions_init                     - Undefined Weak Reference
    __alloca_initialize                       - Undefined Weak Reference
    __arm_preinit_                            - Undefined Weak Reference
    __cpp_initialize__aeabi_                  - Undefined Weak Reference
    __cxa_finalize                            - Undefined Weak Reference
    __rt_locale                               - Undefined Weak Reference
    __sigvec_lookup                           - Undefined Weak Reference
    _atexit_init                              - Undefined Weak Reference
    _call_atexit_fns                          - Undefined Weak Reference
    _clock_init                               - Undefined Weak Reference
    _fp_trap_init                             - Undefined Weak Reference
    _fp_trap_shutdown                         - Undefined Weak Reference
    _get_lc_collate                           - Undefined Weak Reference
    _get_lc_ctype                             - Undefined Weak Reference
    _get_lc_monetary                          - Undefined Weak Reference
    _get_lc_numeric                           - Undefined Weak Reference
    _get_lc_time                              - Undefined Weak Reference
    _getenv_init                              - Undefined Weak Reference
    _handle_redirection                       - Undefined Weak Reference
    _init_alloc                               - Undefined Weak Reference
    _init_user_alloc                          - Undefined Weak Reference
    _initio                                   - Undefined Weak Reference
    _rand_init                                - Undefined Weak Reference
    _signal_finish                            - Undefined Weak Reference
    _signal_init                              - Undefined Weak Reference
    _terminate_alloc                          - Undefined Weak Reference
    _terminate_user_alloc                     - Undefined Weak Reference
    _terminateio                              - Undefined Weak Reference
    __Vectors_Size                           0x000000ec   Number         0  startup_stm32f10x_md.o ABSOLUTE
    __Vectors                                0x08000000   Data           4  startup_stm32f10x_md.o(RESET)
    __Vectors_End                            0x080000ec   Data           0  startup_stm32f10x_md.o(RESET)
    __main                                   0x080000ed   Thumb Code     8  __main.o(!!!main)
    __scatterload                            0x080000f5   Thumb Code     0  __scatter.o(!!!scatter)
    __scatterload_rt2                        0x080000f5   Thumb Code    44  __scatter.o(!!!scatter)
    __scatterload_rt2_thumb_only             0x080000f5   Thumb Code     0  __scatter.o(!!!scatter)
    __scatterload_null                       0x08000103   Thumb Code     0  __scatter.o(!!!scatter)
    __scatterload_zeroinit                   0x08000129   Thumb Code    28  __scatter_zi.o(!!handler_zi)
    __rt_lib_init                            0x08000145   Thumb Code     0  libinit.o(.ARM.Collect$$libinit$$00000000)
    __rt_lib_init_alloca_1                   0x08000147   Thumb Code     0  libinit2.o(.ARM.Collect$$libinit$$0000002E)
    __rt_lib_init_argv_1                     0x08000147   Thumb Code     0  libinit2.o(.ARM.Collect$$libinit$$0000002C)
    __rt_lib_init_atexit_1                   0x08000147   Thumb Code     0  libinit2.o(.ARM.Collect$$libinit$$0000001B)
    __rt_lib_init_clock_1                    0x08000147   Thumb Code     0  libinit2.o(.ARM.Collect$$libinit$$00000021)
    __rt_lib_init_cpp_1                      0x08000147   Thumb Code     0  libinit2.o(.ARM.Collect$$libinit$$00000032)
    __rt_lib_init_exceptions_1               0x08000147   Thumb Code     0  libinit2.o(.ARM.Collect$$libinit$$00000030)
    __rt_lib_init_fp_1                       0x08000147   Thumb Code     0  libinit2.o(.ARM.Collect$$libinit$$00000002)
    __rt_lib_init_fp_trap_1                  0x08000147   Thumb Code     0  libinit2.o(.ARM.Collect$$libinit$$0000001F)
    __rt_lib_init_getenv_1                   0x08000147   Thumb Code     0  libinit2.o(.ARM.Collect$$libinit$$00000023)
    __rt_lib_init_heap_1                     0x08000147   Thumb Code     0  libinit2.o(.ARM.Collect$$libinit$$0000000A)
    __rt_lib_init_lc_collate_1               0x08000147   Thumb Code     0  libinit2.o(.ARM.Collect$$libinit$$00000011)
    __rt_lib_init_lc_ctype_1                 0x08000147   Thumb Code     0  libinit2.o(.ARM.Collect$$libinit$$00000013)
    __rt_lib_init_lc_monetary_1              0x08000147   Thumb Code     0  libinit2.o(.ARM.Collect$$libinit$$00000015)
    __rt_lib_init_lc_numeric_1               0x08000147   Thumb Code     0  libinit2.o(.ARM.Collect$$libinit$$00000017)
    __rt_lib_init_lc_time_1                  0x08000147   Thumb Code     0  libinit2.o(.ARM.Collect$$libinit$$00000019)
    __rt_lib_init_preinit_1                  0x08000147   Thumb Code     0  libinit2.o(.ARM.Collect$$libinit$$00000004)
    __rt_lib_init_rand_1                     0x08000147   Thumb Code     0  libinit2.o(.ARM.Collect$$libinit$$0000000E)
    __rt_lib_init_return                     0x08000147   Thumb Code     0  libinit2.o(.ARM.Collect$$libinit$$00000033)
    __rt_lib_init_signal_1                   0x08000147   Thumb Code     0  libinit2.o(.ARM.Collect$$libinit$$0000001D)
    __rt_lib_init_stdio_1                    0x08000147   Thumb Code     0  libinit2.o(.ARM.Collect$$libinit$$00000025)
    __rt_lib_init_user_alloc_1               0x08000147   Thumb Code     0  libinit2.o(.ARM.Collect$$libinit$$0000000C)
    __rt_lib_shutdown                        0x08000149   Thumb Code     0  libshutdown.o(.ARM.Collect$$libshutdown$$00000000)
    __rt_lib_shutdown_cpp_1                  0x0800014b   Thumb Code     0  libshutdown2.o(.ARM.Collect$$libshutdown$$00000002)
    __rt_lib_shutdown_fp_trap_1              0x0800014b   Thumb Code     0  libshutdown2.o(.ARM.Collect$$libshutdown$$00000007)
    __rt_lib_shutdown_heap_1                 0x0800014b   Thumb Code     0  libshutdown2.o(.ARM.Collect$$libshutdown$$0000000F)
    __rt_lib_shutdown_return                 0x0800014b   Thumb Code     0  libshutdown2.o(.ARM.Collect$$libshutdown$$00000010)
    __rt_lib_shutdown_signal_1               0x0800014b   Thumb Code     0  libshutdown2.o(.ARM.Collect$$libshutdown$$0000000A)
    __rt_lib_shutdown_stdio_1                0x0800014b   Thumb Code     0  libshutdown2.o(.ARM.Collect$$libshutdown$$00000004)
    __rt_lib_shutdown_user_alloc_1           0x0800014b   Thumb Code     0  libshutdown2.o(.ARM.Collect$$libshutdown$$0000000C)
    __rt_entry                               0x0800014d   Thumb Code     0  __rtentry.o(.ARM.Collect$$rtentry$$00000000)
    __rt_entry_presh_1                       0x0800014d   Thumb Code     0  __rtentry2.o(.ARM.Collect$$rtentry$$00000002)
    __rt_entry_sh                            0x0800014d   Thumb Code     0  __rtentry4.o(.ARM.Collect$$rtentry$$00000004)
    __rt_entry_li                            0x08000153   Thumb Code     0  __rtentry2.o(.ARM.Collect$$rtentry$$0000000A)
    __rt_entry_postsh_1                      0x08000153   Thumb Code     0  __rtentry2.o(.ARM.Collect$$rtentry$$00000009)
    __rt_entry_main                          0x08000157   Thumb Code     0  __rtentry2.o(.ARM.Collect$$rtentry$$0000000D)
    __rt_entry_postli_1                      0x08000157   Thumb Code     0  __rtentry2.o(.ARM.Collect$$rtentry$$0000000C)
    __rt_exit                                0x0800015f   Thumb Code     0  rtexit.o(.ARM.Collect$$rtexit$$00000000)
    __rt_exit_ls                             0x08000161   Thumb Code     0  rtexit2.o(.ARM.Collect$$rtexit$$00000003)
    __rt_exit_prels_1                        0x08000161   Thumb Code     0  rtexit2.o(.ARM.Collect$$rtexit$$00000002)
    __rt_exit_exit                           0x08000165   Thumb Code     0  rtexit2.o(.ARM.Collect$$rtexit$$00000004)
    Reset_Handler                            0x0800016d   Thumb Code     8  startup_stm32f10x_md.o(.text)
    NMI_Handler                              0x08000175   Thumb Code     2  startup_stm32f10x_md.o(.text)
    HardFault_Handler                        0x08000177   Thumb Code     2  startup_stm32f10x_md.o(.text)
    MemManage_Handler                        0x08000179   Thumb Code     2  startup_stm32f10x_md.o(.text)
    BusFault_Handler                         0x0800017b   Thumb Code     2  startup_stm32f10x_md.o(.text)
    UsageFault_Handler                       0x0800017d   Thumb Code     2  startup_stm32f10x_md.o(.text)
    SVC_Handler                              0x0800017f   Thumb Code     2  startup_stm32f10x_md.o(.text)
    DebugMon_Handler                         0x08000181   Thumb Code     2  startup_stm32f10x_md.o(.text)
    PendSV_Handler                           0x08000183   Thumb Code     2  startup_stm32f10x_md.o(.text)
    SysTick_Handler                          0x08000185   Thumb Code     2  startup_stm32f10x_md.o(.text)
    ADC1_2_IRQHandler                        0x08000187   Thumb Code     0  startup_stm32f10x_md.o(.text)
    CAN1_RX1_IRQHandler                      0x08000187   Thumb Code     0  startup_stm32f10x_md.o(.text)
    CAN1_SCE_IRQHandler                      0x08000187   Thumb Code     0  startup_stm32f10x_md.o(.text)
    DMA1_Channel1_IRQHandler                 0x08000187   Thumb Code     0  startup_stm32f10x_md.o(.text)
    DMA1_Channel2_IRQHandler                 0x08000187   Thumb Code     0  startup_stm32f10x_md.o(.text)
    DMA1_Channel3_IRQHandler                 0x08000187   Thumb Code     0  startup_stm32f10x_md.o(.text)
    DMA1_Channel4_IRQHandler                 0x08000187   Thumb Code     0  startup_stm32f10x_md.o(.text)
    DMA1_Channel5_IRQHandler                 0x08000187   Thumb Code     0  startup_stm32f10x_md.o(.text)
    DMA1_Channel6_IRQHandler                 0x08000187   Thumb Code     0  startup_stm32f10x_md.o(.text)
    DMA1_Channel7_IRQHandler                 0x08000187   Thumb Code     0  startup_stm32f10x_md.o(.text)
    EXTI0_IRQHandler                         0x08000187   Thumb Code     0  startup_stm32f10x_md.o(.text)
    EXTI15_10_IRQHandler                     0x08000187   Thumb Code     0  startup_stm32f10x_md.o(.text)
    EXTI1_IRQHandler                         0x08000187   Thumb Code     0  startup_stm32f10x_md.o(.text)
    EXTI2_IRQHandler                         0x08000187   Thumb Code     0  startup_stm32f10x_md.o(.text)
    EXTI3_IRQHandler                         0x08000187   Thumb Code     0  startup_stm32f10x_md.o(.text)
    EXTI4_IRQHandler                         0x08000187   Thumb Code     0  startup_stm32f10x_md.o(.text)
    EXTI9_5_IRQHandler                       0x08000187   Thumb Code     0  startup_stm32f10x_md.o(.text)
    FLASH_IRQHandler                         0x08000187   Thumb Code     0  startup_stm32f10x_md.o(.text)
    I2C1_ER_IRQHandler                       0x08000187   Thumb Code     0  startup_stm32f10x_md.o(.text)
    I2C1_EV_IRQHandler                       0x08000187   Thumb Code     0  startup_stm32f10x_md.o(.text)
    I2C2_ER_IRQHandler                       0x08000187   Thumb Code     0  startup_stm32f10x_md.o(.text)
    I2C2_EV_IRQHandler                       0x08000187   Thumb Code     0  startup_stm32f10x_md.o(.text)
    PVD_IRQHandler                           0x08000187   Thumb Code     0  startup_stm32f10x_md.o(.text)
    RCC_IRQHandler                           0x08000187   Thumb Code     0  startup_stm32f10x_md.o(.text)
    RTCAlarm_IRQHandler                      0x08000187   Thumb Code     0  startup_stm32f10x_md.o(.text)
    RTC_IRQHandler                           0x08000187   Thumb Code     0  startup_stm32f10x_md.o(.text)
    SPI1_IRQHandler                          0x08000187   Thumb Code     0  startup_stm32f10x_md.o(.text)
    SPI2_IRQHandler                          0x08000187   Thumb Code     0  startup_stm32f10x_md.o(.text)
    TAMPER_IRQHandler                        0x08000187   Thumb Code     0  startup_stm32f10x_md.o(.text)
    TIM1_BRK_IRQHandler                      0x08000187   Thumb Code     0  startup_stm32f10x_md.o(.text)
    TIM1_CC_IRQHandler                       0x08000187   Thumb Code     0  startup_stm32f10x_md.o(.text)
    TIM1_TRG_COM_IRQHandler                  0x08000187   Thumb Code     0  startup_stm32f10x_md.o(.text)
    TIM1_UP_IRQHandler                       0x08000187   Thumb Code     0  startup_stm32f10x_md.o(.text)
    TIM2_IRQHandler                          0x08000187   Thumb Code     0  startup_stm32f10x_md.o(.text)
    TIM4_IRQHandler                          0x08000187   Thumb Code     0  startup_stm32f10x_md.o(.text)
    USART1_IRQHandler                        0x08000187   Thumb Code     0  startup_stm32f10x_md.o(.text)
    USART2_IRQHandler                        0x08000187   Thumb Code     0  startup_stm32f10x_md.o(.text)
    USART3_IRQHandler                        0x08000187   Thumb Code     0  startup_stm32f10x_md.o(.text)
    USBWakeUp_IRQHandler                     0x08000187   Thumb Code     0  startup_stm32f10x_md.o(.text)
    USB_HP_CAN1_TX_IRQHandler                0x08000187   Thumb Code     0  startup_stm32f10x_md.o(.text)
    USB_LP_CAN1_RX0_IRQHandler               0x08000187   Thumb Code     0  startup_stm32f10x_md.o(.text)
    WWDG_IRQHandler                          0x08000187   Thumb Code     0  startup_stm32f10x_md.o(.text)
    __user_initial_stackheap                 0x08000189   Thumb Code     0  startup_stm32f10x_md.o(.text)
    __use_two_region_memory                  0x080001ad   Thumb Code     2  heapauxi.o(.text)
    __rt_heap_escrow$2region                 0x080001af   Thumb Code     2  heapauxi.o(.text)
    __rt_heap_expand$2region                 0x080001b1   Thumb Code     2  heapauxi.o(.text)
    __user_setup_stackheap                   0x080001b3   Thumb Code    74  sys_stackheap_outer.o(.text)
    exit                                     0x080001fd   Thumb Code    18  exit.o(.text)
    __user_libspace                          0x08000211   Thumb Code     8  libspace.o(.text)
    __user_perproc_libspace                  0x08000211   Thumb Code     0  libspace.o(.text)
    __user_perthread_libspace                0x08000211   Thumb Code     0  libspace.o(.text)
    _sys_exit                                0x08000219   Thumb Code     8  sys_exit.o(.text)
    __I$use$semihosting                      0x08000225   Thumb Code     0  use_no_semi.o(.text)
    __use_no_semihosting_swi                 0x08000225   Thumb Code     2  use_no_semi.o(.text)
    __semihosting_library_function           0x08000227   Thumb Code     0  indicate_semi.o(.text)
    SystemInit                               0x080002f1   Thumb Code    86  system_stm32f10x.o(.text.SystemInit)
    TIM3_IRQHandler                          0x08000349   Thumb Code   106  onewire.o(.text.TIM3_IRQHandler)
    delay_ms                                 0x080003c5   Thumb Code    28  delay.o(.text.delay_ms)
    delay_us                                 0x080003e1   Thumb Code    36  delay.o(.text.delay_us)
    init_motif                               0x08000405   Thumb Code   192  onewire.o(.text.init_motif)
    init_pins_onewire                        0x080004c5   Thumb Code    90  onewire.o(.text.init_pins_onewire)
    init_timer                               0x08000521   Thumb Code   140  onewire.o(.text.init_timer)
    io_build_out_cfg                         0x080005f1   Thumb Code    48  io.o(.text.io_build_out_cfg)
    io_config_ex_raw                         0x08000621   Thumb Code    90  io.o(.text.io_config_ex_raw)
    io_config_raw                            0x0800067d   Thumb Code    54  io.o(.text.io_config_raw)
    io_enable_port_clock                     0x080006b5   Thumb Code    30  io.o(.text.io_enable_port_clock)
    io_init_simple                           0x080006d5   Thumb Code   122  io.o(.text.io_init_simple)
    main                                     0x08000751   Thumb Code    82  main.o(.text.main)
    onewire_wait_motif_done                  0x080007a5   Thumb Code    16  onewire.o(.text.onewire_wait_motif_done)
    Region$$Table$$Base                      0x08000854   Number         0  anon$$obj.o(Region$$Table)
    Region$$Table$$Limit                     0x08000864   Number         0  anon$$obj.o(Region$$Table)
    __libspace_start                         0x20000000   Data          96  libspace.o(.bss)
    __temporary_stack_top$libspace           0x20000060   Data           0  libspace.o(.bss)
    g_espion_done                            0x20000060   Data           1  onewire.o(.bss.g_espion_done)
    g_motif_done                             0x20000061   Data           1  onewire.o(.bss.g_motif_done)



==============================================================================

Memory Map of the image

  Image Entry point : 0x0800016d

  Load Region LR_1 (Base: 0x08000000, Size: 0x00000864, Max: 0xffffffff, ABSOLUTE)

    Execution Region ER_RO (Exec base: 0x08000000, Load base: 0x08000000, Size: 0x00000864, Max: 0xffffffff, ABSOLUTE)

    Exec Addr    Load Addr    Size         Type   Attr      Idx    E Section Name        Object

    0x08000000   0x08000000   0x000000ec   Data   RO          149    RESET               startup_stm32f10x_md.o
    0x080000ec   0x080000ec   0x00000008   Code   RO          178  * !!!main             c_w.l(__main.o)
    0x080000f4   0x080000f4   0x00000034   Code   RO          341    !!!scatter          c_w.l(__scatter.o)
    0x08000128   0x08000128   0x0000001c   Code   RO          343    !!handler_zi        c_w.l(__scatter_zi.o)
    0x08000144   0x08000144   0x00000002   Code   RO          205    .ARM.Collect$$libinit$$00000000  c_w.l(libinit.o)
    0x08000146   0x08000146   0x00000000   Code   RO          212    .ARM.Collect$$libinit$$00000002  c_w.l(libinit2.o)
    0x08000146   0x08000146   0x00000000   Code   RO          214    .ARM.Collect$$libinit$$00000004  c_w.l(libinit2.o)
    0x08000146   0x08000146   0x00000000   Code   RO          217    .ARM.Collect$$libinit$$0000000A  c_w.l(libinit2.o)
    0x08000146   0x08000146   0x00000000   Code   RO          219    .ARM.Collect$$libinit$$0000000C  c_w.l(libinit2.o)
    0x08000146   0x08000146   0x00000000   Code   RO          221    .ARM.Collect$$libinit$$0000000E  c_w.l(libinit2.o)
    0x08000146   0x08000146   0x00000000   Code   RO          224    .ARM.Collect$$libinit$$00000011  c_w.l(libinit2.o)
    0x08000146   0x08000146   0x00000000   Code   RO          226    .ARM.Collect$$libinit$$00000013  c_w.l(libinit2.o)
    0x08000146   0x08000146   0x00000000   Code   RO          228    .ARM.Collect$$libinit$$00000015  c_w.l(libinit2.o)
    0x08000146   0x08000146   0x00000000   Code   RO          230    .ARM.Collect$$libinit$$00000017  c_w.l(libinit2.o)
    0x08000146   0x08000146   0x00000000   Code   RO          232    .ARM.Collect$$libinit$$00000019  c_w.l(libinit2.o)
    0x08000146   0x08000146   0x00000000   Code   RO          234    .ARM.Collect$$libinit$$0000001B  c_w.l(libinit2.o)
    0x08000146   0x08000146   0x00000000   Code   RO          236    .ARM.Collect$$libinit$$0000001D  c_w.l(libinit2.o)
    0x08000146   0x08000146   0x00000000   Code   RO          238    .ARM.Collect$$libinit$$0000001F  c_w.l(libinit2.o)
    0x08000146   0x08000146   0x00000000   Code   RO          240    .ARM.Collect$$libinit$$00000021  c_w.l(libinit2.o)
    0x08000146   0x08000146   0x00000000   Code   RO          242    .ARM.Collect$$libinit$$00000023  c_w.l(libinit2.o)
    0x08000146   0x08000146   0x00000000   Code   RO          244    .ARM.Collect$$libinit$$00000025  c_w.l(libinit2.o)
    0x08000146   0x08000146   0x00000000   Code   RO          248    .ARM.Collect$$libinit$$0000002C  c_w.l(libinit2.o)
    0x08000146   0x08000146   0x00000000   Code   RO          250    .ARM.Collect$$libinit$$0000002E  c_w.l(libinit2.o)
    0x08000146   0x08000146   0x00000000   Code   RO          252    .ARM.Collect$$libinit$$00000030  c_w.l(libinit2.o)
    0x08000146   0x08000146   0x00000000   Code   RO          254    .ARM.Collect$$libinit$$00000032  c_w.l(libinit2.o)
    0x08000146   0x08000146   0x00000002   Code   RO          255    .ARM.Collect$$libinit$$00000033  c_w.l(libinit2.o)
    0x08000148   0x08000148   0x00000002   Code   RO          277    .ARM.Collect$$libshutdown$$00000000  c_w.l(libshutdown.o)
    0x0800014a   0x0800014a   0x00000000   Code   RO          292    .ARM.Collect$$libshutdown$$00000002  c_w.l(libshutdown2.o)
    0x0800014a   0x0800014a   0x00000000   Code   RO          294    .ARM.Collect$$libshutdown$$00000004  c_w.l(libshutdown2.o)
    0x0800014a   0x0800014a   0x00000000   Code   RO          297    .ARM.Collect$$libshutdown$$00000007  c_w.l(libshutdown2.o)
    0x0800014a   0x0800014a   0x00000000   Code   RO          300    .ARM.Collect$$libshutdown$$0000000A  c_w.l(libshutdown2.o)
    0x0800014a   0x0800014a   0x00000000   Code   RO          302    .ARM.Collect$$libshutdown$$0000000C  c_w.l(libshutdown2.o)
    0x0800014a   0x0800014a   0x00000000   Code   RO          305    .ARM.Collect$$libshutdown$$0000000F  c_w.l(libshutdown2.o)
    0x0800014a   0x0800014a   0x00000002   Code   RO          306    .ARM.Collect$$libshutdown$$00000010  c_w.l(libshutdown2.o)
    0x0800014c   0x0800014c   0x00000000   Code   RO          180    .ARM.Collect$$rtentry$$00000000  c_w.l(__rtentry.o)
    0x0800014c   0x0800014c   0x00000000   Code   RO          182    .ARM.Collect$$rtentry$$00000002  c_w.l(__rtentry2.o)
    0x0800014c   0x0800014c   0x00000006   Code   RO          194    .ARM.Collect$$rtentry$$00000004  c_w.l(__rtentry4.o)
    0x08000152   0x08000152   0x00000000   Code   RO          184    .ARM.Collect$$rtentry$$00000009  c_w.l(__rtentry2.o)
    0x08000152   0x08000152   0x00000004   Code   RO          185    .ARM.Collect$$rtentry$$0000000A  c_w.l(__rtentry2.o)
    0x08000156   0x08000156   0x00000000   Code   RO          187    .ARM.Collect$$rtentry$$0000000C  c_w.l(__rtentry2.o)
    0x08000156   0x08000156   0x00000008   Code   RO          188    .ARM.Collect$$rtentry$$0000000D  c_w.l(__rtentry2.o)
    0x0800015e   0x0800015e   0x00000002   Code   RO          209    .ARM.Collect$$rtexit$$00000000  c_w.l(rtexit.o)
    0x08000160   0x08000160   0x00000000   Code   RO          257    .ARM.Collect$$rtexit$$00000002  c_w.l(rtexit2.o)
    0x08000160   0x08000160   0x00000004   Code   RO          258    .ARM.Collect$$rtexit$$00000003  c_w.l(rtexit2.o)
    0x08000164   0x08000164   0x00000006   Code   RO          259    .ARM.Collect$$rtexit$$00000004  c_w.l(rtexit2.o)
    0x0800016a   0x0800016a   0x00000002   PAD
    0x0800016c   0x0800016c   0x00000040   Code   RO          150  * .text               startup_stm32f10x_md.o
    0x080001ac   0x080001ac   0x00000006   Code   RO          176    .text               c_w.l(heapauxi.o)
    0x080001b2   0x080001b2   0x0000004a   Code   RO          196    .text               c_w.l(sys_stackheap_outer.o)
    0x080001fc   0x080001fc   0x00000012   Code   RO          198    .text               c_w.l(exit.o)
    0x0800020e   0x0800020e   0x00000002   PAD
    0x08000210   0x08000210   0x00000008   Code   RO          206    .text               c_w.l(libspace.o)
    0x08000218   0x08000218   0x0000000c   Code   RO          267    .text               c_w.l(sys_exit.o)
    0x08000224   0x08000224   0x00000002   Code   RO          282    .text               c_w.l(use_no_semi.o)
    0x08000226   0x08000226   0x00000000   Code   RO          284    .text               c_w.l(indicate_semi.o)
    0x08000226   0x08000226   0x00000002   PAD
    0x08000228   0x08000228   0x00000008   Code   RO          159    .text.SetSysClock   system_stm32f10x.o
    0x08000230   0x08000230   0x000000be   Code   RO          163    .text.SetSysClockTo72  system_stm32f10x.o
    0x080002ee   0x080002ee   0x00000002   PAD
    0x080002f0   0x080002f0   0x00000056   Code   RO          157    .text.SystemInit    system_stm32f10x.o
    0x08000346   0x08000346   0x00000002   PAD
    0x08000348   0x08000348   0x0000006a   Code   RO          136    .text.TIM3_IRQHandler  onewire.o
    0x080003b2   0x080003b2   0x00000002   PAD
    0x080003b4   0x080003b4   0x00000010   Code   RO          126    .text.__NVIC_EnableIRQ  onewire.o
    0x080003c4   0x080003c4   0x0000001c   Code   RO           32    .text.delay_ms      delay.o
    0x080003e0   0x080003e0   0x00000024   Code   RO           30    .text.delay_us      delay.o
    0x08000404   0x08000404   0x000000c0   Code   RO          128    .text.init_motif    onewire.o
    0x080004c4   0x080004c4   0x0000005a   Code   RO          122    .text.init_pins_onewire  onewire.o
    0x0800051e   0x0800051e   0x00000002   PAD
    0x08000520   0x08000520   0x0000008c   Code   RO          124    .text.init_timer    onewire.o
    0x080005ac   0x080005ac   0x00000012   Code   RO           10    .text.io__cr_reg    io.o
    0x080005be   0x080005be   0x00000002   PAD
    0x080005c0   0x080005c0   0x00000030   Code   RO            6    .text.io__rcc_gpio_en_bit  io.o
    0x080005f0   0x080005f0   0x00000030   Code   RO            2    .text.io_build_out_cfg  io.o
    0x08000620   0x08000620   0x0000005a   Code   RO           12    .text.io_config_ex_raw  io.o
    0x0800067a   0x0800067a   0x00000002   PAD
    0x0800067c   0x0800067c   0x00000036   Code   RO            8    .text.io_config_raw  io.o
    0x080006b2   0x080006b2   0x00000002   PAD
    0x080006b4   0x080006b4   0x0000001e   Code   RO            4    .text.io_enable_port_clock  io.o
    0x080006d2   0x080006d2   0x00000002   PAD
    0x080006d4   0x080006d4   0x0000007a   Code   RO           14    .text.io_init_simple  io.o
    0x0800074e   0x0800074e   0x00000002   PAD
    0x08000750   0x08000750   0x00000052   Code   RO          108    .text.main          main.o
    0x080007a2   0x080007a2   0x00000002   PAD
    0x080007a4   0x080007a4   0x00000010   Code   RO          132    .text.onewire_wait_motif_done  onewire.o
    0x080007b4   0x080007b4   0x00000050   Code   RO          112    .text.scope_mark_high_both_us  main.o
    0x08000804   0x08000804   0x00000050   Code   RO          110    .text.scope_mark_low_both_us  main.o
    0x08000854   0x08000854   0x00000010   Data   RO          340    Region$$Table       anon$$obj.o


    Execution Region ER_RW (Exec base: 0x20000000, Load base: 0x08000864, Size: 0x00000000, Max: 0xffffffff, ABSOLUTE)

    **** No section assigned to this execution region ****


    Execution Region ER_ZI (Exec base: 0x20000000, Load base: 0x08000864, Size: 0x00000668, Max: 0xffffffff, ABSOLUTE)

    Exec Addr    Load Addr    Size         Type   Attr      Idx    E Section Name        Object

    0x20000000        -       0x00000060   Zero   RW          207    .bss                c_w.l(libspace.o)
    0x20000060        -       0x00000001   Zero   RW          138    .bss.g_espion_done  onewire.o
    0x20000061        -       0x00000001   Zero   RW          139    .bss.g_motif_done   onewire.o
    0x20000062   0x08000864   0x00000006   PAD
    0x20000068        -       0x00000200   Zero   RW          148    HEAP                startup_stm32f10x_md.o
    0x20000268        -       0x00000400   Zero   RW          147    STACK               startup_stm32f10x_md.o


==============================================================================

Image component sizes


      Code (inc. data)   RO Data    RW Data    ZI Data      Debug   Object Name

        64          0          0          0          0        893   delay.o
       410         32          0          0          0       4265   io.o
       242          0          0          0          0       1826   main.o
       560          0          0          0          2       5063   onewire.o
        64         26        236          0       1536        836   startup_stm32f10x_md.o
       284          0          0          0          0       2828   system_stm32f10x.o

    ----------------------------------------------------------------------
      1644         58        252          0       1544      15711   Object Totals
         0          0         16          0          0          0   (incl. Generated)
        20          0          0          0          6          0   (incl. Padding)

    ----------------------------------------------------------------------

      Code (inc. data)   RO Data    RW Data    ZI Data      Debug   Library Member Name

         8          0          0          0          0         68   __main.o
         0          0          0          0          0          0   __rtentry.o
        12          0          0          0          0          0   __rtentry2.o
         6          0          0          0          0          0   __rtentry4.o
        52          8          0          0          0          0   __scatter.o
        28          0          0          0          0          0   __scatter_zi.o
        18          0          0          0          0         80   exit.o
         6          0          0          0          0        152   heapauxi.o
         0          0          0          0          0          0   indicate_semi.o
         2          0          0          0          0          0   libinit.o
         2          0          0          0          0          0   libinit2.o
         2          0          0          0          0          0   libshutdown.o
         2          0          0          0          0          0   libshutdown2.o
         8          4          0          0         96         68   libspace.o
         2          0          0          0          0          0   rtexit.o
        10          0          0          0          0          0   rtexit2.o
        12          4          0          0          0         68   sys_exit.o
        74          0          0          0          0         80   sys_stackheap_outer.o
         2          0          0          0          0         68   use_no_semi.o

    ----------------------------------------------------------------------
       252         16          0          0         96        584   Library Totals
         6          0          0          0          0          0   (incl. Padding)

    ----------------------------------------------------------------------

      Code (inc. data)   RO Data    RW Data    ZI Data      Debug   Library Name

       246         16          0          0         96        584   c_w.l

    ----------------------------------------------------------------------
       252         16          0          0         96        584   Library Totals

    ----------------------------------------------------------------------

==============================================================================


      Code (inc. data)   RO Data    RW Data    ZI Data      Debug   

      1896         74        252          0       1640      16055   Grand Totals
      1896         74        252          0       1640      16055   ELF Image Totals
      1896         74        252          0          0          0   ROM Totals

==============================================================================

    Total RO  Size (Code + RO Data)                 2148 (   2.10kB)
    Total RW  Size (RW Data + ZI Data)              1640 (   1.60kB)
    Total ROM Size (Code + RO Data + RW Data)       2148 (   2.10kB)

==============================================================================

